
Landmark reached:
ROOT
four
main
main
seven
unit
