in: lm1
in: lm2
in: lm3
in: no-auto
in: mod_lm0
in: mod_lm1
in: mod_lm2
in: mod_lm3
in: mod_no-auto

Landmark reached:
ROOT
even
fib
lm1
lm1
lm1
lm1
lm1
lm1
lm1
lm1
lm1
lm1
lm1
lm1
lm1
lm1
lm2
lm2
lm2
lm2
lm2
lm2
lm2
lm2
lm2
lm2
lm2
lm2
lm2
lm2
lm2
lm2
lm2
lm2
lm2
lm2
lm2
lm2
lm2
lm2
lm2
lm2
lm2
lm2
lm2
lm2
lm2
lm2
lm2
lm2
lm2
lm2
lm2
lm2
lm2
lm2
lm2
lm2
lm2
lm2
lm2
lm2
lm2
lm2
lm2
lm2
lm2
lm2
lm2
lm2
lm2
lm2
lm2
lm2
lm2
lm2
lm2
lm2
lm2
lm3
lm3
lm3
lm3
lm3
lm3
lm3
lm3
lm3
lm3
lm3
lm3
lm3
lm3
lm3
lm3
lm3
lm3
lm3
lm3
lm3
lm3
lm3
lm3
lm3
lm3
lm3
lm3
lm3
lm3
lm3
lm3
lm3
lm3
lm3
lm3
lm3
lm3
lm3
lm3
lm3
lm3
lm3
lm3
lm3
lm3
lm3
lm3
lm3
lm3
lm3
lm3
lm3
lm3
lm3
lm3
lm3
lm3
lm3
lm3
lm3
lm3
lm3
load(/tmp/test.ml)
load(/tmp/test.ml)
load(/tmp/test2.ml)
load(/tmp/test2.ml)
load(/tmp/test2.ml)
mod_lm0
mod_lm0
mod_lm0
mod_lm0
mod_lm0
mod_lm0
mod_lm0
mod_lm0
mod_lm0
mod_lm0
mod_lm0
mod_lm0
mod_lm0
mod_lm0
mod_lm0
mod_lm0
mod_lm0
mod_lm0
mod_lm0
mod_lm0
mod_lm0
mod_lm0
mod_lm0
mod_lm0
mod_lm0
mod_lm0
mod_lm0
mod_lm0
mod_lm0
mod_lm0
mod_lm0
mod_lm1
mod_lm1
mod_lm1
mod_lm1
mod_lm1
mod_lm1
mod_lm1
mod_lm1
mod_lm1
mod_lm1
mod_lm1
mod_lm1
mod_lm1
mod_lm1
mod_lm1
mod_lm1
mod_lm1
mod_lm1
mod_lm1
mod_lm1
mod_lm1
mod_lm1
mod_lm1
mod_lm1
mod_lm1
mod_lm1
mod_lm1
mod_lm1
mod_lm1
mod_lm1
mod_lm1
mod_lm1
mod_lm1
mod_lm1
mod_lm1
mod_lm1
mod_lm1
mod_lm1
mod_lm1
mod_lm1
mod_lm1
mod_lm1
mod_lm1
mod_lm1
mod_lm1
mod_lm1
mod_lm1
mod_lm1
mod_lm1
mod_lm1
mod_lm1
mod_lm1
mod_lm1
mod_lm1
mod_lm1
mod_lm1
mod_lm1
mod_lm1
mod_lm1
mod_lm1
mod_lm1
mod_lm1
mod_lm1
mod_lm2
mod_lm2
mod_lm2
mod_lm2
mod_lm2
mod_lm2
mod_lm2
mod_lm2
mod_lm2
mod_lm2
mod_lm2
mod_lm2
mod_lm2
mod_lm2
mod_lm2
mod_lm2
mod_lm2
mod_lm2
mod_lm2
mod_lm2
mod_lm2
mod_lm2
mod_lm2
mod_lm2
mod_lm2
mod_lm2
mod_lm2
mod_lm2
mod_lm2
mod_lm2
mod_lm2
mod_lm2
mod_lm2
mod_lm2
mod_lm2
mod_lm2
mod_lm2
mod_lm2
mod_lm2
mod_lm2
mod_lm2
mod_lm2
mod_lm2
mod_lm2
mod_lm2
mod_lm2
mod_lm2
mod_lm2
mod_lm2
mod_lm2
mod_lm2
mod_lm2
mod_lm2
mod_lm2
mod_lm2
mod_lm2
mod_lm2
mod_lm2
mod_lm2
mod_lm2
mod_lm2
mod_lm2
mod_lm2
mod_lm3
mod_lm3
mod_lm3
mod_lm3
mod_lm3
mod_lm3
mod_lm3
mod_lm3
mod_lm3
mod_lm3
mod_lm3
mod_lm3
mod_lm3
mod_lm3
mod_lm3
mod_lm3
mod_lm3
mod_lm3
mod_lm3
mod_lm3
mod_lm3
mod_lm3
mod_lm3
mod_lm3
mod_lm3
mod_lm3
mod_lm3
mod_lm3
mod_lm3
mod_lm3
mod_lm3
mod_lm3
mod_lm3
mod_lm3
mod_lm3
mod_lm3
mod_lm3
mod_lm3
mod_lm3
mod_lm3
mod_lm3
mod_lm3
mod_lm3
mod_lm3
mod_lm3
mod_lm3
mod_lm3
mod_lm3
mod_lm3
mod_lm3
mod_lm3
mod_lm3
mod_lm3
mod_lm3
mod_lm3
mod_lm3
mod_lm3
mod_lm3
mod_lm3
mod_lm3
mod_lm3
mod_lm3
mod_lm3
mod_noauto
mod_noauto
mod_noauto
mod_noauto
mod_noauto
mod_noauto
mod_noauto
mod_noauto
mod_noauto
mod_noauto
mod_noauto
mod_noauto
mod_noauto
mod_noauto
mod_noauto
mod_noauto
mod_noauto
mod_noauto
mod_noauto
mod_noauto
mod_noauto
mod_noauto
mod_noauto
mod_noauto
mod_noauto
mod_noauto
mod_noauto
mod_noauto
mod_noauto
mod_noauto
mod_noauto
next_prime
noauto
noauto
noauto
noauto
noauto
noauto
noauto
noauto
noauto
noauto
noauto
noauto
noauto
noauto
noauto
noauto
noauto
noauto
noauto
noauto
noauto
noauto
noauto
noauto
noauto
noauto
noauto
noauto
noauto
noauto
noauto
odd
prime
print
