in: lm1
in: lm2
in: lm3
in: no-auto
in: mod_lm0
in: mod_lm1
in: mod_lm2
in: mod_lm3
in: mod_no-auto
in: incl_lm0
in: incl_lm1
in: incl_lm2
in: incl_lm3
in: incl_no-auto1
in: incl_no-auto2
in: local1
in: local2
in: local_noauto

Landmark reached:
ROOT
even0
fib
incl_lm0
incl_lm1
incl_lm2
incl_lm3
incl_noauto1
incl_noauto2
lm1
lm2
lm3
load(test.ml)
local1
local2
local_module
local_noauto
mod_lm0
mod_lm1
mod_lm2
mod_lm3
mod_noauto
next_prime
noauto
odd
odd0
prime
print
