21

Landmark reached:
ROOT (src/landmark.ml)
fib (src/landmark.ml:288 tests/basic/test.ml:1)
main (src/landmark.ml:288 tests/basic/test.ml:2)
